nohup: ignoring input
2026-07-31T19:16:27Z INF Thank you for trying Cloudflare Tunnel. Doing so, without a Cloudflare account, is a quick way to experiment and try it out. However, be aware that these account-less Tunnels have no uptime guarantee, are subject to the Cloudflare Online Services Terms of Use (https://www.cloudflare.com/website-terms/), and Cloudflare reserves the right to investigate your use of Tunnels for violations of such terms. If you intend to use Tunnels in production you should use a pre-created named tunnel by following: https://developers.cloudflare.com/cloudflare-one/connections/connect-apps
2026-07-31T19:16:27Z INF Requesting new quick Tunnel on trycloudflare.com...
2026-07-31T19:16:34Z INF +--------------------------------------------------------------------------------------------+
2026-07-31T19:16:34Z INF |  Your quick Tunnel has been created! Visit it at (it may take some time to be reachable):  |
2026-07-31T19:16:34Z INF |  https://corporation-cite-def-dow.trycloudflare.com                                        |
2026-07-31T19:16:34Z INF +--------------------------------------------------------------------------------------------+
2026-07-31T19:16:34Z INF Cannot determine default configuration path. No file [config.yml config.yaml] in [~/.cloudflared ~/.cloudflare-warp ~/cloudflare-warp /etc/cloudflared /usr/local/etc/cloudflared]
2026-07-31T19:16:34Z INF Version 2026.7.3 (Checksum 9d71c677db00134c1bd4144b7783486b654ad281b1ea62b4972098d19f770f17)
2026-07-31T19:16:34Z INF GOOS: linux, GOVersion: go1.26.4, GoArch: amd64
2026-07-31T19:16:34Z INF Settings: map[ha-connections:1 protocol:quic url:http://127.0.0.1:5000]
2026-07-31T19:16:34Z INF cloudflared will not automatically update if installed by a package manager.
2026-07-31T19:16:34Z INF Generated Connector ID: 1991d84a-8d85-4ee3-b07e-8e09c3e9334a
2026-07-31T19:16:34Z INF Initial protocol quic
2026-07-31T19:16:34Z INF ICMP proxy will use 192.168.75.130 as source for IPv4
2026-07-31T19:16:34Z INF ICMP proxy will use fe80::20c:29ff:fe94:905f in zone ens160 as source for IPv6
2026-07-31T19:16:34Z INF ICMP proxy will use 192.168.75.130 as source for IPv4
2026-07-31T19:16:34Z INF ICMP proxy will use fe80::20c:29ff:fe94:905f in zone ens160 as source for IPv6
2026-07-31T19:16:34Z INF Starting metrics server on 127.0.0.1:20241/metrics
2026-07-31T19:16:34Z INF Tunnel connection curve preferences: [X25519MLKEM768 CurveID(65074) CurveP256] connIndex=0 event=0 ip=198.41.200.13
2026-07-31T19:16:34Z INF Registered tunnel connection connIndex=0 connection=98e455bc-5db7-47da-97ea-0092f2498d9e event=0 ip=198.41.200.13 location=del06 protocol=quic
2026-07-31T19:16:40Z INF +-------------------------------------------------------------------------------------+
2026-07-31T19:16:40Z INF |                               CONNECTIVITY PRE-CHECKS                               |
2026-07-31T19:16:40Z INF +-------------------------------------------------------------------------------------+
2026-07-31T19:16:40Z INF |  COMPONENT         TARGET                     STATUS  DETAILS                       |
2026-07-31T19:16:40Z INF |  DNS Resolution    region1.v2.argotunnel.com  PASS    DNS Resolved successfully     |
2026-07-31T19:16:40Z INF |  DNS Resolution    region2.v2.argotunnel.com  PASS    DNS Resolved successfully     |
2026-07-31T19:16:40Z INF |  UDP Connectivity  region1.v2.argotunnel.com  PASS    QUIC connection successful    |
2026-07-31T19:16:40Z INF |  UDP Connectivity  region2.v2.argotunnel.com  PASS    QUIC connection successful    |
2026-07-31T19:16:40Z INF |  TCP Connectivity  region1.v2.argotunnel.com  PASS    HTTP/2 connection successful  |
2026-07-31T19:16:40Z INF |  TCP Connectivity  region2.v2.argotunnel.com  PASS    HTTP/2 connection successful  |
2026-07-31T19:16:40Z INF |  Cloudflare API    api.cloudflare.com:443     PASS    API is reachable              |
2026-07-31T19:16:40Z INF |                                                                                     |
2026-07-31T19:16:40Z INF |  SUMMARY: Environment is healthy. cloudflared will use 'quic' as primary protocol.  |
2026-07-31T19:16:40Z INF +-------------------------------------------------------------------------------------+
2026-07-31T19:16:40Z INF precheck component="DNS Resolution" details="DNS Resolved successfully" run_id=2db32e70-4fb0-4fd9-967d-6e8df85697d9 status=pass target=region1.v2.argotunnel.com
2026-07-31T19:16:40Z INF precheck component="DNS Resolution" details="DNS Resolved successfully" run_id=2db32e70-4fb0-4fd9-967d-6e8df85697d9 status=pass target=region2.v2.argotunnel.com
2026-07-31T19:16:40Z INF precheck component="UDP Connectivity" details="QUIC connection successful" run_id=2db32e70-4fb0-4fd9-967d-6e8df85697d9 status=pass target=region1.v2.argotunnel.com
2026-07-31T19:16:40Z INF precheck component="UDP Connectivity" details="QUIC connection successful" run_id=2db32e70-4fb0-4fd9-967d-6e8df85697d9 status=pass target=region2.v2.argotunnel.com
2026-07-31T19:16:40Z INF precheck component="TCP Connectivity" details="HTTP/2 connection successful" run_id=2db32e70-4fb0-4fd9-967d-6e8df85697d9 status=pass target=region1.v2.argotunnel.com
2026-07-31T19:16:40Z INF precheck component="TCP Connectivity" details="HTTP/2 connection successful" run_id=2db32e70-4fb0-4fd9-967d-6e8df85697d9 status=pass target=region2.v2.argotunnel.com
2026-07-31T19:16:40Z INF precheck component="Cloudflare API" details="API is reachable" run_id=2db32e70-4fb0-4fd9-967d-6e8df85697d9 status=pass target=api.cloudflare.com:443
2026-07-31T19:16:40Z INF precheck complete hard_fail=false run_id=2db32e70-4fb0-4fd9-967d-6e8df85697d9 suggested_protocol=quic
2026-07-31T19:41:06Z INF Initiating graceful shutdown due to signal terminated ...
2026-07-31T19:41:06Z ERR failed to run the datagram handler error="context canceled" connIndex=0 event=0 ip=198.41.200.13
2026-07-31T19:41:06Z ERR failed to serve tunnel connection error="accept stream listener encountered a failure while serving" connIndex=0 event=0 ip=198.41.200.13
2026-07-31T19:41:06Z ERR Serve tunnel error error="accept stream listener encountered a failure while serving" connIndex=0 event=0 ip=198.41.200.13
2026-07-31T19:41:06Z INF Retrying connection in up to 1s connIndex=0 event=0 ip=198.41.200.13
2026-07-31T19:41:06Z ERR Connection terminated connIndex=0
2026-07-31T19:41:06Z ERR no more connections active and exiting
2026-07-31T19:41:06Z INF Tunnel server stopped
2026-07-31T19:41:06Z INF Metrics server stopped
